// Vitest Snapshot v1, https://vitest.dev/guide/snapshot.html

exports[`normalizeUrl valid 1`] = `"test.com"`;

exports[`normalizeUrl valid 2`] = `"test.com/123"`;

exports[`normalizeUrl valid 3`] = `"test.com"`;

exports[`normalizeUrl valid 4`] = `"test.com"`;

exports[`normalizeUrl valid 5`] = `"test.com"`;

exports[`normalizeUrl valid 6`] = `"test.com/foo/bar"`;

exports[`normalizeUrl valid 7`] = `"test.com/foo/bar"`;

exports[`normalizeUrl valid 8`] = `"test.com/foo/bar"`;

exports[`normalizeUrl valid 9`] = `"notion.so/image/s3.us-west-2.amazonaws.com%2Fsecure.notion-static.com%2Fae16c287-668f-4ea7-90a8-5ed96302e14f%2Fquilt-opt.jpg"`;
